
> gymflow@0.1.0 build
> next build

Γû▓ Next.js 16.1.6 (Turbopack)
- Environments: .env

node.exe : ΓÜá The "middleware" file convention is deprecated. Please use "proxy" 
instead. Learn more: https://nextjs.org/docs/messages/middleware-to-proxy
At line:1 char:1
+ & "C:\Program Files\nodejs/node.exe" "C:\Users\ashap\AppData\Roaming\ ...
+ ~~~~~~~~~~~~~~~~~~~~~~~~~~~~~~~~~~~~~~~~~~~~~~~~~~~~~~~~~~~~~~~~~~~~~
    + CategoryInfo          : NotSpecified: (ΓÜá The "middle...leware-to-proxy:String 
   ) [], RemoteException
    + FullyQualifiedErrorId : NativeCommandError
 
  Creating an optimized production build ...
Γ£ô Compiled successfully in 42s
  Running TypeScript ...
  Collecting page data using 7 workers ...
  Generating static pages using 7 workers (0/36) ...
Error occurred prerendering page "/_not-found". Read more: 
https://nextjs.org/docs/messages/prerender-error
TypeError: Cannot read properties of null (reading 'useState')
    at ignore-listed frames {
  digest: '1438340561'
}
Export encountered an error on /_not-found/page: /_not-found, exiting the build.
Γ¿» Next.js build worker exited with code: 1 and signal: null
